// Jest Snapshot v1, https://goo.gl/fbAQLP

exports[`App renders app component correctly 1`] = `
<DocumentFragment>
  <div
    class="App"
  >
    <img
      alt="Nasa logo"
      class="logo"
      src="https://cdn.cnn.com/cnnnext/dam/assets/200424060716-nasa-worm-logo.jpg"
    />
    <h1
      class="main-title"
    >
      Space Search
    </h1>
    <form>
      <input
        class="searchBar"
        placeholder="Search"
        type="text"
      />
      <button
        class="searchButton"
        type="submit"
      >
        Submit
      </button>
    </form>
  </div>
</DocumentFragment>
`;
